******************************************************************************
                  TI ARM Linker Unix v20.2.2                   
******************************************************************************
>> Linked Sun May 16 19:30:34 2021

OUTPUT FILE NAME:   <empty_MSP_EXP432P401R_nortos_ccs.out>
ENTRY POINT SYMBOL: "_c_int00_noargs"  address: 0000300d


MEMORY CONFIGURATION

         name            origin    length      used     unused   attr    fill
----------------------  --------  ---------  --------  --------  ----  --------
  MAIN                  00000000   00040000  0000349d  0003cb63  R  X
  INFO                  00200000   00004000  00000000  00004000  R  X
  SRAM_CODE             01000000   00010000  00000dc4  0000f23c  RW X
  SRAM_DATA             20000000   00010000  00000dc4  0000f23c  RW  


SEGMENT ALLOCATION MAP

run origin  load origin   length   init length attrs members
----------  ----------- ---------- ----------- ----- -------
00000000    00000000    000034a0   000034a0    r-x
  00000000    00000000    000000e4   000000e4    r-- .intvecs
  000000e4    000000e4    00003228   00003228    r-x .text
  0000330c    0000330c    00000101   00000101    r-- .const
  00003410    00003410    00000090   00000090    r-- .cinit
20000000    20000000    00000bc4   00000000    rw-
  20000000    20000000    00000800   00000000    rw- .sysmem
  20000800    20000800    000001f4   00000000    rw- .data
  200009f4    200009f4    000001d0   00000000    rw- .bss
2000fe00    2000fe00    00000200   00000000    rw-
  2000fe00    2000fe00    00000200   00000000    rw- .stack


SECTION ALLOCATION MAP

 output                                  attributes/
section   page    origin      length       input sections
--------  ----  ----------  ----------   ----------------
.intvecs   0    00000000    000000e4     
                  00000000    000000e4     startup_msp432p401r_ccs.obj (.intvecs:retain)

.text      0    000000e4    00003228     
                  000000e4    00000a4e     rtsv7M4_T_le_v4SPD16_eabi.lib : _printfi.c.obj (.text:__TI_printfi)
                  00000b32    00000002     startup_msp432p401r_ccs.obj (.text:Default_Handler)
                  00000b34    00000270     rtsv7M4_T_le_v4SPD16_eabi.lib : _printfi.c.obj (.text:_pconv_a)
                  00000da4    00000254     main.obj (.text:main)
                  00000ff8    000001d0     rtsv7M4_T_le_v4SPD16_eabi.lib : _printfi.c.obj (.text:_pconv_g)
                  000011c8    000001b6                                   : fd_add_t2.asm.obj (.text)
                  0000137e    00000002                                   : _lock.c.obj (.text:_nop)
                  00001380    0000013c                                   : _printfi.c.obj (.text:_pconv_e)
                  000014bc    00000136                                   : fd_div_t2.asm.obj (.text)
                  000015f2    00000002                                   : div0.asm.obj (.text)
                  000015f4    00000124                                   : _printfi.c.obj (.text:fcvt)
                  00001718    00000114                                   : fputs.c.obj (.text:fputs)
                  0000182c    00000110                                   : s_scalbn.c.obj (.text:scalbn)
                  0000193c    00000104     msp432p4xx_driverlib.lib : cs.o (.text:_CSComputeCLKFrequency)
                  00001a40    00000100     rtsv7M4_T_le_v4SPD16_eabi.lib : memory.c.obj (.text:aligned_alloc)
                  00001b40    000000fc                                   : fd_mul_t2.asm.obj (.text)
                  00001c3c    000000f8     msp432p4xx_driverlib.lib : cs.o (.text:CS_getDCOFrequency)
                  00001d34    000000e4     rtsv7M4_T_le_v4SPD16_eabi.lib : memory.c.obj (.text:free)
                  00001e18    000000dc                                   : setvbuf.c.obj (.text:setvbuf)
                  00001ef4    000000b1                                   : _printfi.c.obj (.text:_ltostr)
                  00001fa5    00000001     --HOLE-- [fill = 0]
                  00001fa6    0000009c                                   : memcpy_t2.asm.obj (.text)
                  00002042    00000096                                   : ull_div_t2.asm.obj (.text)
                  000020d8    00000094     msp432p4xx_driverlib.lib : sysctl_a.o (.text:SysCtl_A_getTLVInfo)
                  0000216c    0000008c     rtsv7M4_T_le_v4SPD16_eabi.lib : fputc.c.obj (.text:fputc)
                  000021f8    00000086                                   : fd_cmp_t2.asm.obj (.text:__aeabi_cdcmple)
                  0000227e    00000086                                   : fd_cmp_t2.asm.obj (.text:__aeabi_cdrcmple)
                  00002304    0000007c     msp432p4xx_driverlib.lib : cs.o (.text:_CSGetDOCFrequency)
                  00002380    0000007a     rtsv7M4_T_le_v4SPD16_eabi.lib : memset_t2.asm.obj (.text)
                  000023fa    00000002     --HOLE-- [fill = 0]
                  000023fc    00000078     system_msp432p401r.obj (.text:SystemInit)
                  00002474    00000074     rtsv7M4_T_le_v4SPD16_eabi.lib : fclose.c.obj (.text:__TI_closefile)
                  000024e8    00000070                                   : memory.c.obj (.text:split)
                  00002558    0000006e                                   : _printfi.c.obj (.text:_mcpy)
                  000025c6    00000002     --HOLE-- [fill = 0]
                  000025c8    0000006c                                   : hostrename.c.obj (.text:HOSTrename)
                  00002634    0000006c     main.obj (.text:PORT2_IRQHandler)
                  000026a0    00000068     rtsv7M4_T_le_v4SPD16_eabi.lib : hostlseek.c.obj (.text:HOSTlseek)
                  00002708    00000068                                   : copy_decompress_lzss.c.obj (.text:decompress:lzss:__TI_decompress_lzss)
                  00002770    00000068                                   : printf.c.obj (.text:printf)
                  000027d8    00000064                                   : s_frexp.c.obj (.text:frexp)
                  0000283c    00000064                                   : fseek.c.obj (.text:fseek)
                  000028a0    00000062     msp432p4xx_driverlib.lib : cs.o (.text:_CSGetDividerValue)
                  00002902    00000062     rtsv7M4_T_le_v4SPD16_eabi.lib : _io_perm.c.obj (.text:__TI_wrt_ok)
                  00002964    00000060                                   : hostopen.c.obj (.text:HOSTopen)
                  000029c4    0000005c                                   : close.c.obj (.text:close)
                  00002a20    00000058                                   : hostread.c.obj (.text:HOSTread)
                  00002a78    00000058                                   : hostwrite.c.obj (.text:HOSTwrite)
                  00002ad0    00000058     main.obj (.text:uart_puts)
                  00002b28    00000056     rtsv7M4_T_le_v4SPD16_eabi.lib : _printfi.c.obj (.text:_pconv_f)
                  00002b7e    00000002     --HOLE-- [fill = 0]
                  00002b80    00000054     main.obj (.text:Delay)
                  00002bd4    00000054     rtsv7M4_T_le_v4SPD16_eabi.lib : _ltoa.c.obj (.text:__TI_ltoa)
                  00002c28    00000052                                   : _printfi.c.obj (.text:_ecpy)
                  00002c7a    0000004c                                   : fflush.c.obj (.text:__TI_doflush)
                  00002cc6    00000002     --HOLE-- [fill = 0]
                  00002cc8    0000004c                                   : atoi.c.obj (.text:atoi)
                  00002d14    00000048                                   : exit.c.obj (.text:exit)
                  00002d5c    00000048                                   : fd_toi_t2.asm.obj (.text)
                  00002da4    00000044                                   : hostclose.c.obj (.text:HOSTclose)
                  00002de8    00000044                                   : hostunlink.c.obj (.text:HOSTunlink)
                  00002e2c    00000044                                   : autoinit.c.obj (.text:__TI_auto_init_nobinit_nopinit:__TI_auto_init_nobinit_nopinit)
                  00002e70    00000044                                   : getdevice.c.obj (.text:getdevice)
                  00002eb4    00000040                                   : sprintf.c.obj (.text:sprintf)
                  00002ef4    0000003e                                   : _printfi.c.obj (.text:_fcpy)
                  00002f32    00000002     --HOLE-- [fill = 0]
                  00002f34    00000038                                   : trgmsg.c.obj (.text:__TI_writemsg)
                  00002f6c    00000036                                   : strncpy.c.obj (.text:strncpy)
                  00002fa2    00000002     --HOLE-- [fill = 0]
                  00002fa4    00000034                                   : fopen.c.obj (.text:__TI_cleanup)
                  00002fd8    00000034                                   : trgmsg.c.obj (.text:__TI_readmsg)
                  0000300c    00000034                                   : boot_cortex_m.c.obj (.text:_c_int00_noargs:_c_int00_noargs)
                  00003040    00000030     msp432p4xx_driverlib.lib : cs.o (.text:CS_clearInterruptFlag)
                  00003070    00000030     rtsv7M4_T_le_v4SPD16_eabi.lib : getdevice.c.obj (.text:finddevice)
                  000030a0    0000002e                                   : i_tofd_t2.asm.obj (.text)
                  000030ce    00000002     --HOLE-- [fill = 0]
                  000030d0    0000002c                                   : unlink.c.obj (.text:unlink)
                  000030fc    00000028     msp432p4xx_driverlib.lib : cs.o (.text:CS_getMCLK)
                  00003124    00000028     rtsv7M4_T_le_v4SPD16_eabi.lib : memory.c.obj (.text:free_list_insert)
                  0000314c    00000028                                   : lseek.c.obj (.text:lseek)
                  00003174    00000028                                   : write.c.obj (.text:write)
                  0000319c    00000020                                   : memchr.c.obj (.text:memchr)
                  000031bc    0000001c     main.obj (.text:TA0_0_IRQHandler)
                  000031d8    0000001c     rtsv7M4_T_le_v4SPD16_eabi.lib : copy_zero_init.c.obj (.text:decompress:ZI:__TI_zero_init_nomemset:__TI_zero_init_nomemset)
                  000031f4    0000001c                                   : memory.c.obj (.text:free_list_remove)
                  00003210    0000001c                                   : memccpy.c.obj (.text:memccpy)
                  0000322c    0000001a                                   : s_copysign.c.obj (.text:copysign)
                  00003246    00000018                                   : sprintf.c.obj (.text:_outs)
                  0000325e    00000018                                   : strcmp.c.obj (.text:strcmp)
                  00003276    00000016                                   : strchr.c.obj (.text:strchr)
                  0000328c    00000014                                   : strcpy.c.obj (.text:strcpy)
                  000032a0    00000014                                   : strlen.c.obj (.text:strlen)
                  000032b4    00000012                                   : wcslen.c.obj (.text:wcslen)
                  000032c6    0000000e                                   : copy_decompress_none.c.obj (.text:decompress:none:__TI_decompress_none)
                  000032d4    0000000c     startup_msp432p401r_ccs.obj (.text:Reset_Handler)
                  000032e0    0000000a     rtsv7M4_T_le_v4SPD16_eabi.lib : sprintf.c.obj (.text:_outc)
                  000032ea    00000002     --HOLE-- [fill = 0]
                  000032ec    00000008                                   : errno.c.obj (.text:__aeabi_errno_addr)
                  000032f4    00000008                                   : memory.c.obj (.text:malloc)
                  000032fc    00000004                                   : printf.c.obj (.text:_outc)
                  00003300    00000004                                   : printf.c.obj (.text:_outs)
                  00003304    00000004                                   : pre_init.c.obj (.text:_system_pre_init)
                  00003308    00000004                                   : exit.c.obj (.text:abort:abort)

.const     0    0000330c    00000101     
                  0000330c    00000101     rtsv7M4_T_le_v4SPD16_eabi.lib : ctype.c.obj (.const:.string:_ctypes_)

.cinit     0    00003410    00000090     
                  00003410    00000067     (.cinit..data.load) [load image, compression = lzss]
                  00003477    00000001     --HOLE-- [fill = 0]
                  00003478    0000000c     (__TI_handler_table)
                  00003484    00000004     --HOLE-- [fill = 0]
                  00003488    00000008     (.cinit..bss.load) [load image, compression = zero_init]
                  00003490    00000010     (__TI_cinit_table)

.init_array 
*          0    00000000    00000000     UNINITIALIZED

.binit     0    00000000    00000000     

.sysmem    0    20000000    00000800     UNINITIALIZED
                  20000000    00000010     rtsv7M4_T_le_v4SPD16_eabi.lib : memory.c.obj (.sysmem)
                  20000010    000007f0     --HOLE--

.data      0    20000800    000001f4     UNINITIALIZED
                  20000800    000000f0     rtsv7M4_T_le_v4SPD16_eabi.lib : defs.c.obj (.data:_ftable)
                  200008f0    00000078                                   : host_device.c.obj (.data:_device)
                  20000968    00000050                                   : host_device.c.obj (.data:_stream)
                  200009b8    00000010                                   : defs.c.obj (.data)
                  200009c8    0000000c                                   : exit.c.obj (.data:$O1$$)
                  200009d4    0000000c     main.obj (.data)
                  200009e0    00000008     rtsv7M4_T_le_v4SPD16_eabi.lib : _lock.c.obj (.data:$O1$$)
                  200009e8    00000008                                   : memory.c.obj (.data:$O1$$)
                  200009f0    00000004                                   : errno.c.obj (.data)

.bss       0    200009f4    000001d0     UNINITIALIZED
                  200009f4    00000120     rtsv7M4_T_le_v4SPD16_eabi.lib : trgmsg.c.obj (.bss:_CIOBUF_)
                  20000b14    000000a0     (.common:__TI_tmpnams)
                  20000bb4    00000008     msp432p4xx_driverlib.lib : cs.o (.bss)
                  20000bbc    00000008     (.common:parmbuf)

.stack     0    2000fe00    00000200     UNINITIALIZED
                  2000fe00    00000004     rtsv7M4_T_le_v4SPD16_eabi.lib : boot_cortex_m.c.obj (.stack)
                  2000fe04    000001fc     --HOLE--

__llvm_prf_cnts 
*          0    20000000    00000000     UNINITIALIZED

MODULE SUMMARY

       Module                        code    ro data   rw data
       ------                        ----    -------   -------
    ./
       main.obj                      904     0         24     
       system_msp432p401r.obj        120     0         0      
    +--+-----------------------------+-------+---------+---------+
       Total:                        1024    0         24     
                                                              
    ./ccs/
       startup_msp432p401r_ccs.obj   14      228       0      
    +--+-----------------------------+-------+---------+---------+
       Total:                        14      228       0      
                                                              
    /Applications/ti/ccs1020/ccs/tools/compiler/ti-cgt-arm_20.2.2.LTS/lib/rtsv7M4_T_le_v4SPD16_eabi.lib
       _printfi.c.obj                4851    0         0      
       defs.c.obj                    0       0         832    
       memory.c.obj                  672     0         16     
       trgmsg.c.obj                  108     0         576    
       fd_add_t2.asm.obj             438     0         0      
       host_device.c.obj             0       0         400    
       fd_div_t2.asm.obj             310     0         0      
       fputs.c.obj                   276     0         0      
       s_scalbn.c.obj                272     0         0      
       fd_cmp_t2.asm.obj             268     0         0      
       ctype.c.obj                   0       257       0      
       fd_mul_t2.asm.obj             252     0         0      
       setvbuf.c.obj                 220     0         0      
       memcpy_t2.asm.obj             156     0         0      
       ull_div_t2.asm.obj            150     0         0      
       fputc.c.obj                   140     0         0      
       memset_t2.asm.obj             122     0         0      
       fclose.c.obj                  116     0         0      
       getdevice.c.obj               116     0         0      
       hostopen.c.obj                96      0         16     
       printf.c.obj                  112     0         0      
       hostrename.c.obj              108     0         0      
       copy_decompress_lzss.c.obj    104     0         0      
       hostlseek.c.obj               104     0         0      
       exit.c.obj                    76      0         24     
       fseek.c.obj                   100     0         0      
       s_frexp.c.obj                 100     0         0      
       _io_perm.c.obj                98      0         0      
       sprintf.c.obj                 98      0         0      
       close.c.obj                   92      0         0      
       hostread.c.obj                88      0         0      
       hostwrite.c.obj               88      0         0      
       _ltoa.c.obj                   84      0         0      
       atoi.c.obj                    76      0         0      
       fflush.c.obj                  76      0         0      
       fd_toi_t2.asm.obj             72      0         0      
       autoinit.c.obj                68      0         0      
       hostclose.c.obj               68      0         0      
       hostunlink.c.obj              68      0         0      
       strncpy.c.obj                 54      0         0      
       boot_cortex_m.c.obj           52      0         0      
       fopen.c.obj                   52      0         0      
       i_tofd_t2.asm.obj             46      0         0      
       unlink.c.obj                  44      0         0      
       lseek.c.obj                   40      0         0      
       write.c.obj                   40      0         0      
       memchr.c.obj                  32      0         0      
       copy_zero_init.c.obj          28      0         0      
       memccpy.c.obj                 28      0         0      
       s_copysign.c.obj              26      0         0      
       strcmp.c.obj                  24      0         0      
       strchr.c.obj                  22      0         0      
       strcpy.c.obj                  20      0         0      
       strlen.c.obj                  20      0         0      
       _lock.c.obj                   2       0         16     
       wcslen.c.obj                  18      0         0      
       errno.c.obj                   8       0         8      
       copy_decompress_none.c.obj    14      0         0      
       pre_init.c.obj                4       0         0      
       div0.asm.obj                  2       0         0      
    +--+-----------------------------+-------+---------+---------+
       Total:                        10819   257       1888   
                                                              
    /Users/yu/ti/simplelink_msp432p4_sdk_3_40_01_02/source/ti/devices/msp432p4xx/driverlib/ccs/msp432p4xx_driverlib.lib
       cs.o                          818     0         16     
       sysctl_a.o                    148     0         0      
    +--+-----------------------------+-------+---------+---------+
       Total:                        966     0         16     
                                                              
       Heap:                         0       0         4096   
       Stack:                        0       0         1024   
       Linker Generated:             0       139       0      
    +--+-----------------------------+-------+---------+---------+
       Grand Total:                  12823   624       7048   


LINKER GENERATED COPY TABLES

__TI_cinit_table @ 00003490 records: 2, size/record: 8, table size: 16
	.data: load addr=00003410, load size=00000067 bytes, run addr=20000800, run size=000001f4 bytes, compression=lzss
	.bss: load addr=00003488, load size=00000008 bytes, run addr=200009f4, run size=000001d0 bytes, compression=zero_init


LINKER GENERATED HANDLER TABLE

__TI_handler_table @ 00003478 records: 3, size/record: 4, table size: 12
	index: 0, handler: __TI_decompress_lzss
	index: 1, handler: __TI_decompress_none
	index: 2, handler: __TI_zero_init


GLOBAL SYMBOLS: SORTED ALPHABETICALLY BY Name 

address   name                           
-------   ----                           
00000b33  ADC14_IRQHandler               
00000b33  AES256_IRQHandler              
00000b33  BusFault_Handler               
00003309  C$$EXIT                        
00002f63  C$$IO$$                        
00000b33  COMP_E0_IRQHandler             
00000b33  COMP_E1_IRQHandler             
00000b33  CS_IRQHandler                  
00003041  CS_clearInterruptFlag          
00001c3d  CS_getDCOFrequency             
000030fd  CS_getMCLK                     
00000b33  DMA_ERR_IRQHandler             
00000b33  DMA_INT0_IRQHandler            
00000b33  DMA_INT1_IRQHandler            
00000b33  DMA_INT2_IRQHandler            
00000b33  DMA_INT3_IRQHandler            
00000b33  DebugMon_Handler               
00000b33  Default_Handler                
00002b81  Delay                          
00000b33  EUSCIA0_IRQHandler             
00000b33  EUSCIA1_IRQHandler             
00000b33  EUSCIA2_IRQHandler             
00000b33  EUSCIA3_IRQHandler             
00000b33  EUSCIB0_IRQHandler             
00000b33  EUSCIB1_IRQHandler             
00000b33  EUSCIB2_IRQHandler             
00000b33  EUSCIB3_IRQHandler             
00000b33  FLCTL_IRQHandler               
00000b33  FPU_IRQHandler                 
00002da5  HOSTclose                      
000026a1  HOSTlseek                      
00002965  HOSTopen                       
00002a21  HOSTread                       
000025c9  HOSTrename                     
00002de9  HOSTunlink                     
00002a79  HOSTwrite                      
00000b33  HardFault_Handler              
00000b33  MemManage_Handler              
00000b33  NMI_Handler                    
00000b33  PCM_IRQHandler                 
00000b33  PORT1_IRQHandler               
00002635  PORT2_IRQHandler               
00002635  PORT2_IRQHandler               
00000b33  PORT3_IRQHandler               
00000b33  PORT4_IRQHandler               
00000b33  PORT5_IRQHandler               
00000b33  PORT6_IRQHandler               
00000b33  PSS_IRQHandler                 
00000b33  PendSV_Handler                 
00000b33  RTC_C_IRQHandler               
000032d5  Reset_Handler                  
00000b33  SVC_Handler                    
000020d9  SysCtl_A_getTLVInfo            
00000b33  SysTick_Handler                
000023fd  SystemInit                     
00000b33  T32_INT1_IRQHandler            
00000b33  T32_INT2_IRQHandler            
00000b33  T32_INTC_IRQHandler            
000031bd  TA0_0_IRQHandler               
000031bd  TA0_0_IRQHandler               
00000b33  TA0_N_IRQHandler               
00000b33  TA1_0_IRQHandler               
00000b33  TA1_N_IRQHandler               
00000b33  TA2_0_IRQHandler               
00000b33  TA2_N_IRQHandler               
00000b33  TA3_0_IRQHandler               
00000b33  TA3_N_IRQHandler               
00000b33  UsageFault_Handler             
4000480c  WDTCTL_SYM                     
00000b33  WDT_A_IRQHandler               
200009f4  __CIOBUF_                      
20010000  __STACK_END                    
00000200  __STACK_SIZE                   
00000800  __SYSMEM_SIZE                  
00003490  __TI_CINIT_Base                
000034a0  __TI_CINIT_Limit               
00003478  __TI_Handler_Table_Base        
00003484  __TI_Handler_Table_Limit       
00002e2d  __TI_auto_init_nobinit_nopinit 
00002fa5  __TI_cleanup                   
200009c8  __TI_cleanup_ptr               
00002475  __TI_closefile                 
00002709  __TI_decompress_lzss           
000032c7  __TI_decompress_none           
00002c7b  __TI_doflush                   
200009cc  __TI_dtors_ptr                 
200009d0  __TI_enable_exit_profile_output
200009b8  __TI_ft_end                    
00002bd5  __TI_ltoa                      
ffffffff  __TI_pprof_out_hndl            
000000e5  __TI_printfi                   
ffffffff  __TI_prof_data_size            
ffffffff  __TI_prof_data_start           
00002fd9  __TI_readmsg                   
00000000  __TI_static_base__             
20000b14  __TI_tmpnams                   
00002f35  __TI_writemsg                  
00002903  __TI_wrt_ok                    
000031d9  __TI_zero_init_nomemset        
000021f9  __aeabi_cdcmpeq                
000021f9  __aeabi_cdcmple                
0000227f  __aeabi_cdrcmple               
00002d5d  __aeabi_d2iz                   
000011d3  __aeabi_dadd                   
000014bd  __aeabi_ddiv                   
00001b41  __aeabi_dmul                   
000011c9  __aeabi_dsub                   
000032ed  __aeabi_errno_addr             
000030a1  __aeabi_i2d                    
000015f3  __aeabi_idiv0                  
000015f3  __aeabi_ldiv0                  
00002381  __aeabi_memclr                 
00002381  __aeabi_memclr4                
00002381  __aeabi_memclr8                
00001fa7  __aeabi_memcpy                 
00001fa7  __aeabi_memcpy4                
00001fa7  __aeabi_memcpy8                
00002383  __aeabi_memset                 
00002383  __aeabi_memset4                
00002383  __aeabi_memset8                
200009c4  __aeabi_stderr                 
200009bc  __aeabi_stdin                  
200009c0  __aeabi_stdout                 
00002043  __aeabi_uldivmod               
ffffffff  __binit__                      
ffffffff  __c_args__                     
UNDEFED   __mpu_init                     
2000fe00  __stack                        
20000000  __start___llvm_prf_cnts        
20000000  __stop___llvm_prf_cnts         
0000300d  _c_int00_noargs                
0000330c  _ctypes_                       
200008f0  _device                        
20000800  _ftable                        
200009e0  _lock                          
0000137f  _nop                           
20000968  _stream                        
20000000  _sys_memory                    
UNDEFED   _system_post_cinit             
00003305  _system_pre_init               
200009e4  _unlock                        
00003309  abort                          
00001a41  aligned_alloc                  
00002cc9  atoi                           
ffffffff  binit                          
000029c5  close                          
0000322d  copysign                       
0000322d  copysignl                      
200009d8  distance                       
200009f0  errno                          
00002d15  exit                           
00003071  finddevice                     
0000216d  fputc                          
00001719  fputs                          
00001d35  free                           
000027d9  frexp                          
000027d9  frexpl                         
0000283d  fseek                          
00002e71  getdevice                      
00000000  interruptVectors               
0000182d  ldexp                          
0000182d  ldexpl                         
0000314d  lseek                          
00000da5  main                           
000032f5  malloc                         
00001a41  memalign                       
00003211  memccpy                        
0000319d  memchr                         
00001fa7  memcpy                         
00002389  memset                         
200009d4  miliseconds                    
20000bbc  parmbuf                        
00002771  printf                         
0000216d  putc                           
000030d1  remove                         
0000182d  scalbn                         
0000182d  scalbnl                        
200009dc  sensor                         
00001e19  setvbuf                        
00002eb5  sprintf                        
00003277  strchr                         
0000325f  strcmp                         
0000328d  strcpy                         
000032a1  strlen                         
00002f6d  strncpy                        
00002ad1  uart_puts                      
000030d1  unlink                         
000032b5  wcslen                         
00003175  write                          


GLOBAL SYMBOLS: SORTED BY Symbol Address 

address   name                           
-------   ----                           
00000000  __TI_static_base__             
00000000  interruptVectors               
000000e5  __TI_printfi                   
00000200  __STACK_SIZE                   
00000800  __SYSMEM_SIZE                  
00000b33  ADC14_IRQHandler               
00000b33  AES256_IRQHandler              
00000b33  BusFault_Handler               
00000b33  COMP_E0_IRQHandler             
00000b33  COMP_E1_IRQHandler             
00000b33  CS_IRQHandler                  
00000b33  DMA_ERR_IRQHandler             
00000b33  DMA_INT0_IRQHandler            
00000b33  DMA_INT1_IRQHandler            
00000b33  DMA_INT2_IRQHandler            
00000b33  DMA_INT3_IRQHandler            
00000b33  DebugMon_Handler               
00000b33  Default_Handler                
00000b33  EUSCIA0_IRQHandler             
00000b33  EUSCIA1_IRQHandler             
00000b33  EUSCIA2_IRQHandler             
00000b33  EUSCIA3_IRQHandler             
00000b33  EUSCIB0_IRQHandler             
00000b33  EUSCIB1_IRQHandler             
00000b33  EUSCIB2_IRQHandler             
00000b33  EUSCIB3_IRQHandler             
00000b33  FLCTL_IRQHandler               
00000b33  FPU_IRQHandler                 
00000b33  HardFault_Handler              
00000b33  MemManage_Handler              
00000b33  NMI_Handler                    
00000b33  PCM_IRQHandler                 
00000b33  PORT1_IRQHandler               
00000b33  PORT3_IRQHandler               
00000b33  PORT4_IRQHandler               
00000b33  PORT5_IRQHandler               
00000b33  PORT6_IRQHandler               
00000b33  PSS_IRQHandler                 
00000b33  PendSV_Handler                 
00000b33  RTC_C_IRQHandler               
00000b33  SVC_Handler                    
00000b33  SysTick_Handler                
00000b33  T32_INT1_IRQHandler            
00000b33  T32_INT2_IRQHandler            
00000b33  T32_INTC_IRQHandler            
00000b33  TA0_N_IRQHandler               
00000b33  TA1_0_IRQHandler               
00000b33  TA1_N_IRQHandler               
00000b33  TA2_0_IRQHandler               
00000b33  TA2_N_IRQHandler               
00000b33  TA3_0_IRQHandler               
00000b33  TA3_N_IRQHandler               
00000b33  UsageFault_Handler             
00000b33  WDT_A_IRQHandler               
00000da5  main                           
000011c9  __aeabi_dsub                   
000011d3  __aeabi_dadd                   
0000137f  _nop                           
000014bd  __aeabi_ddiv                   
000015f3  __aeabi_idiv0                  
000015f3  __aeabi_ldiv0                  
00001719  fputs                          
0000182d  ldexp                          
0000182d  ldexpl                         
0000182d  scalbn                         
0000182d  scalbnl                        
00001a41  aligned_alloc                  
00001a41  memalign                       
00001b41  __aeabi_dmul                   
00001c3d  CS_getDCOFrequency             
00001d35  free                           
00001e19  setvbuf                        
00001fa7  __aeabi_memcpy                 
00001fa7  __aeabi_memcpy4                
00001fa7  __aeabi_memcpy8                
00001fa7  memcpy                         
00002043  __aeabi_uldivmod               
000020d9  SysCtl_A_getTLVInfo            
0000216d  fputc                          
0000216d  putc                           
000021f9  __aeabi_cdcmpeq                
000021f9  __aeabi_cdcmple                
0000227f  __aeabi_cdrcmple               
00002381  __aeabi_memclr                 
00002381  __aeabi_memclr4                
00002381  __aeabi_memclr8                
00002383  __aeabi_memset                 
00002383  __aeabi_memset4                
00002383  __aeabi_memset8                
00002389  memset                         
000023fd  SystemInit                     
00002475  __TI_closefile                 
000025c9  HOSTrename                     
00002635  PORT2_IRQHandler               
00002635  PORT2_IRQHandler               
000026a1  HOSTlseek                      
00002709  __TI_decompress_lzss           
00002771  printf                         
000027d9  frexp                          
000027d9  frexpl                         
0000283d  fseek                          
00002903  __TI_wrt_ok                    
00002965  HOSTopen                       
000029c5  close                          
00002a21  HOSTread                       
00002a79  HOSTwrite                      
00002ad1  uart_puts                      
00002b81  Delay                          
00002bd5  __TI_ltoa                      
00002c7b  __TI_doflush                   
00002cc9  atoi                           
00002d15  exit                           
00002d5d  __aeabi_d2iz                   
00002da5  HOSTclose                      
00002de9  HOSTunlink                     
00002e2d  __TI_auto_init_nobinit_nopinit 
00002e71  getdevice                      
00002eb5  sprintf                        
00002f35  __TI_writemsg                  
00002f63  C$$IO$$                        
00002f6d  strncpy                        
00002fa5  __TI_cleanup                   
00002fd9  __TI_readmsg                   
0000300d  _c_int00_noargs                
00003041  CS_clearInterruptFlag          
00003071  finddevice                     
000030a1  __aeabi_i2d                    
000030d1  remove                         
000030d1  unlink                         
000030fd  CS_getMCLK                     
0000314d  lseek                          
00003175  write                          
0000319d  memchr                         
000031bd  TA0_0_IRQHandler               
000031bd  TA0_0_IRQHandler               
000031d9  __TI_zero_init_nomemset        
00003211  memccpy                        
0000322d  copysign                       
0000322d  copysignl                      
0000325f  strcmp                         
00003277  strchr                         
0000328d  strcpy                         
000032a1  strlen                         
000032b5  wcslen                         
000032c7  __TI_decompress_none           
000032d5  Reset_Handler                  
000032ed  __aeabi_errno_addr             
000032f5  malloc                         
00003305  _system_pre_init               
00003309  C$$EXIT                        
00003309  abort                          
0000330c  _ctypes_                       
00003478  __TI_Handler_Table_Base        
00003484  __TI_Handler_Table_Limit       
00003490  __TI_CINIT_Base                
000034a0  __TI_CINIT_Limit               
20000000  __start___llvm_prf_cnts        
20000000  __stop___llvm_prf_cnts         
20000000  _sys_memory                    
20000800  _ftable                        
200008f0  _device                        
20000968  _stream                        
200009b8  __TI_ft_end                    
200009bc  __aeabi_stdin                  
200009c0  __aeabi_stdout                 
200009c4  __aeabi_stderr                 
200009c8  __TI_cleanup_ptr               
200009cc  __TI_dtors_ptr                 
200009d0  __TI_enable_exit_profile_output
200009d4  miliseconds                    
200009d8  distance                       
200009dc  sensor                         
200009e0  _lock                          
200009e4  _unlock                        
200009f0  errno                          
200009f4  __CIOBUF_                      
20000b14  __TI_tmpnams                   
20000bbc  parmbuf                        
2000fe00  __stack                        
20010000  __STACK_END                    
4000480c  WDTCTL_SYM                     
ffffffff  __TI_pprof_out_hndl            
ffffffff  __TI_prof_data_size            
ffffffff  __TI_prof_data_start           
ffffffff  __binit__                      
ffffffff  __c_args__                     
ffffffff  binit                          
UNDEFED   __mpu_init                     
UNDEFED   _system_post_cinit             

[189 symbols]
